]0;lubianat@csbl-tiago:~/Documents/Projects/side/covid19]7;file://csbl-tiago/home/lubianat/Documents/Projects/side/covid19(base) ]0;lubianat@csbl-tiago: ~/Documents/Projects/side/covid19[01;32mlubianat@csbl-tiago[00m:[01;34m~/Documents/Projects/side/covid19[00m$ [K(base) ]0;lubianat@csbl-tiago: ~/Documents/Projects/side/covid19[01;32mlubianat@csbl-tiago[00m:[01;34m~/Documents/Projects/side/covid19[00m$ echo "# covid19_model" >> README.md
]0;lubianat@csbl-tiago:~/Documents/Projects/side/covid19]7;file://csbl-tiago/home/lubianat/Documents/Projects/side/covid19(base) ]0;lubianat@csbl-tiago: ~/Documents/Projects/side/covid19[01;32mlubianat@csbl-tiago[00m:[01;34m~/Documents/Projects/side/covid19[00m$ git init
Initialized empty Git repository in /home/lubianat/Documents/Projects/side/covid19/.git/
]0;lubianat@csbl-tiago:~/Documents/Projects/side/covid19]7;file://csbl-tiago/home/lubianat/Documents/Projects/side/covid19(base) ]0;lubianat@csbl-tiago: ~/Documents/Projects/side/covid19[01;32mlubianat@csbl-tiago[00m:[01;34m~/Documents/Projects/side/covid19[00m$ git add README.md
]0;lubianat@csbl-tiago:~/Documents/Projects/side/covid19]7;file://csbl-tiago/home/lubianat/Documents/Projects/side/covid19(base) ]0;lubianat@csbl-tiago: ~/Documents/Projects/side/covid19[01;32mlubianat@csbl-tiago[00m:[01;34m~/Documents/Projects/side/covid19[00m$ git commit -m "first commit"
[master (root-commit) 794a9b7] first commit
 1 file changed, 1 insertion(+)
 create mode 100644 README.md
]0;lubianat@csbl-tiago:~/Documents/Projects/side/covid19]7;file://csbl-tiago/home/lubianat/Documents/Projects/side/covid19(base) ]0;lubianat@csbl-tiago: ~/Documents/Projects/side/covid19[01;32mlubianat@csbl-tiago[00m:[01;34m~/Documents/Projects/side/covid19[00m$ git remote add origin https://github.com/csbl-usp/covid19_model.git
]0;lubianat@csbl-tiago:~/Documents/Projects/side/covid19]7;file://csbl-tiago/home/lubianat/Documents/Projects/side/covid19(base) ]0;lubianat@csbl-tiago: ~/Documents/Projects/side/covid19[01;32mlubianat@csbl-tiago[00m:[01;34m~/Documents/Projects/side/covid19[00m$ git push -u origin master
fatal: cannot run rpostback-askpass: No such file or directory
Username for 'https://github.com': ^C
]0;lubianat@csbl-tiago:~/Documents/Projects/side/covid19]7;file://csbl-tiago/home/lubianat/Documents/Projects/side/covid19(base) ]0;lubianat@csbl-tiago: ~/Documents/Projects/side/covid19[01;32mlubianat@csbl-tiago[00m:[01;34m~/Documents/Projects/side/covid19[00m$ ^C
]0;lubianat@csbl-tiago:~/Documents/Projects/side/covid19]7;file://csbl-tiago/home/lubianat/Documents/Projects/side/covid19(base) ]0;lubianat@csbl-tiago: ~/Documents/Projects/side/covid19[01;32mlubianat@csbl-tiago[00m:[01;34m~/Documents/Projects/side/covid19[00m$ git te[K[Kretmote ste[K[Ket[K[K[K[K[K[K[K[K[Kmote set-url origin git@github.com:csbl-usp/covid19_model.gitorigin git@github.coom:csbl-usp/covid19_model.git[K[K[K[K[K[K[K[K[K[K[K[K[K[K[K[K[K[K[K[K[K[K[K[K[K[K[K[K[K[A[C[C[C[C[C[C[C[C[C[C[C[C[C[C[C[C[C[C[C[C[C[C[C[C[C[C[C[C[C[C[C[C[C[C[C[C[C[C[C[C[C[C[C[C[C[C[C[C[C[C[C[C[C[C[C[C[C[C[C[C[C[C[C[C[C[C[C[C[C[C[C[C[C[C[C[C[C[C[C[C[C[C[C[C[C[C[C[C[C[C[C[C[C[C[C[C[C[C[C[C[C[C[C[C[C[C[C[C[C[C[C[C[C[C[C[C[C[C[C[C[C[C[C[C[C[C[C[C[C[C[C[C[C[C[C[C[C[C[C[C[C[C[C[C[C[C[C[K
[K[A[C[C[C[C[C[C[C[C[C[C[C[C[C[C[C[C[C[C[C[C[C[C[C[C[C[C[C[C[C[C[C[C[C[C[C[C[C[C[C[C[C[C[C[C[C[C[C[C[C[C[C[C[C[C[C[C[C[C[C[C[C[C[C[C[C[C[C[C[C[C[C[C[C[C[C[C[C[C[C[C[C[C[C[C[C[C[C[C[C[C[C[C[C[C[C[C[C[C[C[C[C[C[C[C[C[C[C[C[C[C[C[C[C[C[C[C[C[C[C[C[C[C[C[C[C[C[C[C[C[C[C[C[C[C[C[C[C[C[C[C[C[C[C[C[C[C[C[K[K[K[K[K[K[K[K[K[K[K[K[K[K[K[K[K[K[K[K[K[K
]0;lubianat@csbl-tiago:~/Documents/Projects/side/covid19]7;file://csbl-tiago/home/lubianat/Documents/Projects/side/covid19(base) ]0;lubianat@csbl-tiago: ~/Documents/Projects/side/covid19[01;32mlubianat@csbl-tiago[00m:[01;34m~/Documents/Projects/side/covid19[00m$ git remote set-url origin git@github.com:csbl-usp/covid19_model.git
]0;lubianat@csbl-tiago:~/Documents/Projects/side/covid19]7;file://csbl-tiago/home/lubianat/Documents/Projects/side/covid19(base) ]0;lubianat@csbl-tiago: ~/Documents/Projects/side/covid19[01;32mlubianat@csbl-tiago[00m:[01;34m~/Documents/Projects/side/covid19[00m$ git push
fatal: The current branch master has no upstream branch.
To push the current branch and set the remote as upstream, use

    git push --set-upstream origin master

]0;lubianat@csbl-tiago:~/Documents/Projects/side/covid19]7;file://csbl-tiago/home/lubianat/Documents/Projects/side/covid19(base) ]0;lubianat@csbl-tiago: ~/Documents/Projects/side/covid19[01;32mlubianat@csbl-tiago[00m:[01;34m~/Documents/Projects/side/covid19[00m$ git pushremote set-url origin git@github.com:csbl-usp/covid19_model.git[K[38Ppush -u origin master
ERROR: Permission to csbl-usp/covid19_model.git denied to lubianat.
fatal: Could not read from remote repository.

Please make sure you have the correct access rights
and the repository exists.
]0;lubianat@csbl-tiago:~/Documents/Projects/side/covid19]7;file://csbl-tiago/home/lubianat/Documents/Projects/side/covid19(base) ]0;lubianat@csbl-tiago: ~/Documents/Projects/side/covid19[01;32mlubianat@csbl-tiago[00m:[01;34m~/Documents/Projects/side/covid19[00m$ git push -u origin master
Counting objects: 3, done.
Writing objects:  33% (1/3)   Writing objects:  66% (2/3)   Writing objects: 100% (3/3)   Writing objects: 100% (3/3), 234 bytes | 234.00 KiB/s, done.
Total 3 (delta 0), reused 0 (delta 0)
To github.com:csbl-usp/covid19_model.git
 * [new branch]      master -> master
Branch 'master' set up to track remote branch 'master' from 'origin'.
]0;lubianat@csbl-tiago:~/Documents/Projects/side/covid19]7;file://csbl-tiago/home/lubianat/Documents/Projects/side/covid19(base) ]0;lubianat@csbl-tiago: ~/Documents/Projects/side/covid19[01;32mlubianat@csbl-tiago[00m:[01;34m~/Documents/Projects/side/covid19[00m$ GIT AD[K[K[K[K[K[KGit add .

Command 'Git' not found, did you mean:

  command 'vit' from deb vit
  command 'wit' from deb wit
  command 'git' from deb git
  command 'nit' from deb python-nevow

Try: sudo apt install <deb name>

]0;lubianat@csbl-tiago:~/Documents/Projects/side/covid19]7;file://csbl-tiago/home/lubianat/Documents/Projects/side/covid19(base) ]0;lubianat@csbl-tiago: ~/Documents/Projects/side/covid19[01;32mlubianat@csbl-tiago[00m:[01;34m~/Documents/Projects/side/covid19[00m$ Git add .[1P[1@g
]0;lubianat@csbl-tiago:~/Documents/Projects/side/covid19]7;file://csbl-tiago/home/lubianat/Documents/Projects/side/covid19(base) ]0;lubianat@csbl-tiago: ~/Documents/Projects/side/covid19[01;32mlubianat@csbl-tiago[00m:[01;34m~/Documents/Projects/side/covid19[00m$ git add [K[K[K[Kcommit -m "Adding initial shiny app and the reference xl[K[Kexcel"
[master 79067cd] Adding initial shiny app and the reference excel
 14 files changed, 418 insertions(+)
 create mode 100644 .Rhistory
 create mode 100644 .Rproj.user/5568B3D5/console06/7F4AD2F3
 create mode 100644 .Rproj.user/5568B3D5/console06/7F4AD2F3.env
 create mode 100644 .Rproj.user/5568B3D5/console06/INDEX001
 create mode 100644 .Rproj.user/5568B3D5/sources/prop/7046722B
 create mode 100644 .Rproj.user/5568B3D5/sources/prop/INDEX
 create mode 100644 .Rproj.user/5568B3D5/sources/s-EEE95F2C/C3568457
 create mode 100644 .Rproj.user/5568B3D5/sources/s-EEE95F2C/C3568457-contents
 create mode 100644 .Rproj.user/5568B3D5/sources/s-EEE95F2C/lock_file
 create mode 100644 .Rproj.user/shared/notebooks/patch-chunk-names
 create mode 100644 .~lock.Coronavirus_model.xlsx#
 create mode 100644 Coronavirus_model.xlsx
 create mode 100644 covid19.Rproj
 create mode 100644 model/app.R
]0;lubianat@csbl-tiago:~/Documents/Projects/side/covid19]7;file://csbl-tiago/home/lubianat/Documents/Projects/side/covid19(base) ]0;lubianat@csbl-tiago: ~/Documents/Projects/side/covid19[01;32mlubianat@csbl-tiago[00m:[01;34m~/Documents/Projects/side/covid19[00m$ git push
Counting objects: 22, done.
Delta compression using up to 8 threads.
Compressing objects:   5% (1/18)   Compressing objects:  11% (2/18)   Compressing objects:  16% (3/18)   Compressing objects:  22% (4/18)   Compressing objects:  27% (5/18)   Compressing objects:  33% (6/18)   Compressing objects:  38% (7/18)   Compressing objects:  44% (8/18)   Compressing objects:  50% (9/18)   Compressing objects:  55% (10/18)   Compressing objects:  61% (11/18)   Compressing objects:  66% (12/18)   Compressing objects:  72% (13/18)   Compressing objects:  77% (14/18)   Compressing objects:  83% (15/18)   Compressing objects:  88% (16/18)   Compressing objects:  94% (17/18)   Compressing objects: 100% (18/18)   Compressing objects: 100% (18/18), done.
Writing objects:   4% (1/22)   Writing objects:   9% (2/22)   Writing objects:  13% (3/22)   Writing objects:  18% (4/22)   Writing objects:  22% (5/22)   Writing objects:  27% (6/22)   Writing objects:  31% (7/22)   Writing objects:  36% (8/22)   Writing objects:  40% (9/22)   Writing objects:  45% (10/22)   Writing objects:  50% (11/22)   Writing objects:  54% (12/22)   Writing objects:  59% (13/22)   Writing objects:  63% (14/22)   Writing objects:  68% (15/22)   Writing objects:  72% (16/22)   Writing objects:  77% (17/22)   Writing objects:  81% (18/22)   Writing objects:  86% (19/22)   Writing objects:  90% (20/22)   Writing objects:  95% (21/22)   Writing objects: 100% (22/22)   Writing objects: 100% (22/22), 91.93 KiB | 22.98 MiB/s, done.
Total 22 (delta 0), reused 0 (delta 0)
To github.com:csbl-usp/covid19_model.git
   794a9b7..79067cd  master -> master
]0;lubianat@csbl-tiago:~/Documents/Projects/side/covid19]7;file://csbl-tiago/home/lubianat/Documents/Projects/side/covid19(base) ]0;lubianat@csbl-tiago: ~/Documents/Projects/side/covid19[01;32mlubianat@csbl-tiago[00m:[01;34m~/Documents/Projects/side/covid19[00m$ git add; [K[K .
]0;lubianat@csbl-tiago:~/Documents/Projects/side/covid19]7;file://csbl-tiago/home/lubianat/Documents/Projects/side/covid19(base) ]0;lubianat@csbl-tiago: ~/Documents/Projects/side/covid19[01;32mlubianat@csbl-tiago[00m:[01;34m~/Documents/Projects/side/covid19[00m$ git commit -m "fixing code and making mini[K[K[Kvp [K app"
[master 328b00b] fixing code and making mvp app
 5 files changed, 47 insertions(+), 21 deletions(-)
]0;lubianat@csbl-tiago:~/Documents/Projects/side/covid19]7;file://csbl-tiago/home/lubianat/Documents/Projects/side/covid19(base) ]0;lubianat@csbl-tiago: ~/Documents/Projects/side/covid19[01;32mlubianat@csbl-tiago[00m:[01;34m~/Documents/Projects/side/covid19[00m$ git push
Counting objects: 13, done.
Delta compression using up to 8 threads.
Compressing objects:   8% (1/12)   Compressing objects:  16% (2/12)   Compressing objects:  25% (3/12)   Compressing objects:  33% (4/12)   Compressing objects:  41% (5/12)   Compressing objects:  50% (6/12)   Compressing objects:  58% (7/12)   Compressing objects:  66% (8/12)   Compressing objects:  75% (9/12)   Compressing objects:  83% (10/12)   Compressing objects:  91% (11/12)   Compressing objects: 100% (12/12)   Compressing objects: 100% (12/12), done.
Writing objects:   7% (1/13)   Writing objects:  15% (2/13)   Writing objects:  23% (3/13)   Writing objects:  30% (4/13)   Writing objects:  38% (5/13)   Writing objects:  46% (6/13)   Writing objects:  53% (7/13)   Writing objects:  61% (8/13)   Writing objects:  69% (9/13)   Writing objects:  76% (10/13)   Writing objects:  84% (11/13)   Writing objects:  92% (12/13)   Writing objects: 100% (13/13)   Writing objects: 100% (13/13), 1.98 KiB | 1.98 MiB/s, done.
Total 13 (delta 4), reused 0 (delta 0)
remote: Resolving deltas:   0% (0/4)[Kremote: Resolving deltas:  25% (1/4)[Kremote: Resolving deltas:  50% (2/4)[Kremote: Resolving deltas:  75% (3/4)[Kremote: Resolving deltas: 100% (4/4)[Kremote: Resolving deltas: 100% (4/4), completed with 4 local objects.[K
To github.com:csbl-usp/covid19_model.git
   79067cd..328b00b  master -> master
]0;lubianat@csbl-tiago:~/Documents/Projects/side/covid19]7;file://csbl-tiago/home/lubianat/Documents/Projects/side/covid19(base) ]0;lubianat@csbl-tiago: ~/Documents/Projects/side/covid19[01;32mlubianat@csbl-tiago[00m:[01;34m~/Documents/Projects/side/covid19[00m$ git add .